[www.wikipedia.org/index.html]
[backblue.gif]
[fade.gif]
[index.html]
[www.wikipedia.org/static/apple-touch/wikipedia.png]
[www.wikipedia.org/static/favicon/wikipedia.ico]
[www.wikipedia.org/portal/wikipedia.org/assets/img/sprite-e99844f6.svg]
[www.wikipedia.org/portal/wikipedia.org/assets/img/noimage.3.delayed]
[www.wikipedia.org/portal/wikipedia.org/assets/img/noimage.4.delayed]
[www.wikipedia.org/portal/wikipedia.org/assets/img/Wikinews-logo_sister.png]
[www.wikipedia.org/portal/wikipedia.org/assets/img/Wikinews-logo_sister@2x.png]
[www.wikipedia.org/portal/wikipedia.org/assets/img/Wikipedia-logo-v2.png]
[www.wikipedia.org/portal/wikipedia.org/assets/js/index-86c7e2579d.js]
[www.wikipedia.org/portal/wikipedia.org/assets/js/gt-ie9-ce3fe8e88d.js]
[www.wikipedia.org/index.html]
[www.wikipedia.org/portal/wikipedia.org/assets/img/sprite-e99844f6.svg]
[www.wikipedia.org/portal/wikipedia.org/assets/img/noimage.html]
[www.wikipedia.org/portal/wikipedia.org/assets/img/noimage-2.html]
